host1 [01:00:00:00] "GET /uri1 HTTP/1.0" 302 -
host1 [01:00:00:01] "GET /uri3 HTTP/1.0" 200 0
host2 [01:00:01:00] "POST /uri2 HTTP/1.0" 200 0
host1 [01:00:02:00] "GET /uri3 HTTP/1.0" 200 0
host3 [01:00:03:00] "GET /uri3 HTTP/1.0" 200 0
host4 [01:00:04:00] "GET /uri3 HTTP/1.0" 200 0